******************************************************************************
                  TI ARM Linker PC v20.2.5                     
******************************************************************************
>> Linked Sat Apr  9 16:48:30 2022

OUTPUT FILE NAME:   <MSP-432-sound-ML-FL.out>
ENTRY POINT SYMBOL: "_c_int00_noargs"  address: 00000a85


MEMORY CONFIGURATION

         name            origin    length      used     unused   attr    fill
----------------------  --------  ---------  --------  --------  ----  --------
  RAM                   00000020   ffffffe0  00001002  ffffefde  RWIX


SEGMENT ALLOCATION MAP

run origin  load origin   length   init length attrs members
----------  ----------- ---------- ----------- ----- -------
00000020    00000020    00000d04   00000d04    r-x
  00000020    00000020    00000c4c   00000c4c    r-x .text
  00000c6c    00000c6c    000000b8   000000b8    r-- .const
00000d24    00000d24    00000006   00000000    rw-
  00000d24    00000d24    00000006   00000000    rw- .bss
00000d30    00000d30    00000200   00000000    rw-
  00000d30    00000d30    00000200   00000000    rw- .stack
00000f30    00000f30    000000fc   000000fc    r--
  00000f30    00000f30    000000e4   000000e4    r-- .intvecs
  00001018    00001018    00000014   00000014    r-- .cinit


SECTION ALLOCATION MAP

 output                                  attributes/
section   page    origin      length       input sections
--------  ----  ----------  ----------   ----------------
.text      0    00000020    00000c4c     
                  00000020    00000160     msp432p4xx_driverlib.lib : adc14.o (.text:_getIndexForMemRegister)
                  00000180    0000015c                              : pcm.o (.text:__PCM_setPowerModeAdvanced)
                  000002dc    00000130                              : cs.o (.text:CS_initClockSignal)
                  0000040c    00000108                              : pcm.o (.text:__PCM_setCoreVoltageLevelAdvanced)
                  00000514    000000b4                              : adc14.o (.text:ADC14_configureConversionMemory)
                  000005c8    00000088                              : gpio.o (.text:GPIO_setAsPeripheralModuleFunctionInputPin)
                  00000650    00000080                              : interrupt.o (.text:Interrupt_enableInterrupt)
                  000006d0    00000078     system_msp432p401r.obj (.text:SystemInit)
                  00000748    0000005e     msp432p4xx_driverlib.lib : pcm.o (.text:PCM_getCoreVoltageLevel)
                  000007a6    0000005a                              : pcm.o (.text:PCM_getPowerMode)
                  00000800    0000005a     main.obj (.text:init)
                  0000085a    00000002     startup_msp432p401r_ccs.obj (.text:Default_Handler)
                  0000085c    00000058     msp432p4xx_driverlib.lib : adc14.o (.text:ADC14_configureSingleSampleMode)
                  000008b4    00000054                              : adc14.o (.text:ADC14_initModule)
                  00000908    00000048                              : flash.o (.text:FlashCtl_setWaitState)
                  00000950    00000044     rtsv7M4_T_le_v4SPD16_eabi.lib : autoinit.c.obj (.text:__TI_auto_init_nobinit_nopinit:__TI_auto_init_nobinit_nopinit)
                  00000994    00000042     microphone.obj (.text:_micInit)
                  000009d6    00000002     --HOLE-- [fill = 0]
                  000009d8    00000040     microphone.obj (.text:ADC14_IRQHandler)
                  00000a18    00000038     msp432p4xx_driverlib.lib : adc14.o (.text:ADC14_getEnabledInterruptStatus)
                  00000a50    00000034                              : cs.o (.text:CS_setDCOCenteredFrequency)
                  00000a84    00000034     rtsv7M4_T_le_v4SPD16_eabi.lib : boot_cortex_m.c.obj (.text:_c_int00_noargs:_c_int00_noargs)
                  00000ab8    00000030     msp432p4xx_driverlib.lib : adc14.o (.text:ADC14_clearInterruptFlag)
                  00000ae8    00000030                              : adc14.o (.text:ADC14_enableInterrupt)
                  00000b18    0000002c                              : adc14.o (.text:ADC14_getInterruptStatus)
                  00000b44    00000028                              : adc14.o (.text:ADC14_getResult)
                  00000b6c    00000024                              : wdt_a.o (.text:WDT_A_holdTimer)
                  00000b90    0000001c                              : adc14.o (.text:ADC14_disableModule)
                  00000bac    0000001c     rtsv7M4_T_le_v4SPD16_eabi.lib : copy_zero_init.c.obj (.text:decompress:ZI:__TI_zero_init_nomemset:__TI_zero_init_nomemset)
                  00000bc8    00000014     msp432p4xx_driverlib.lib : pcm.o (.text:PCM_getPowerState)
                  00000bdc    00000010                              : adc14.o (.text:ADCIsConversionRunning)
                  00000bec    00000010                              : interrupt.o (.text:Interrupt_disableMaster)
                  00000bfc    00000010                              : interrupt.o (.text:Interrupt_enableMaster)
                  00000c0c    00000010                              : pcm.o (.text:PCM_setCoreVoltageLevel)
                  00000c1c    00000010                              : pcm.o (.text:PCM_setPowerMode)
                  00000c2c    0000000c                              : adc14.o (.text:ADC14_enableModule)
                  00000c38    0000000c                              : cpu.o (.text:CPU_cpsid)
                  00000c44    0000000c                              : cpu.o (.text:CPU_cpsie)
                  00000c50    0000000c     startup_msp432p401r_ccs.obj (.text:Reset_Handler)
                  00000c5c    00000008     main.obj (.text:main)
                  00000c64    00000004     rtsv7M4_T_le_v4SPD16_eabi.lib : pre_init.c.obj (.text:_system_pre_init)
                  00000c68    00000004                                   : exit.c.obj (.text:abort:abort)

.const     0    00000c6c    000000b8     
                  00000c6c    00000080     msp432p4xx_driverlib.lib : adc14.o (.const:_ctlRegs)
                  00000cec    00000030                              : gpio.o (.const:GPIO_PORT_TO_BASE)
                  00000d1c    00000008                              : interrupt.o (.const:g_pulEnRegs)

.bss       0    00000d24    00000006     UNINITIALIZED
                  00000d24    00000004     (.common:_micBuffer)
                  00000d28    00000002     (.common:_numSamples)

.stack     0    00000d30    00000200     UNINITIALIZED
                  00000d30    00000004     rtsv7M4_T_le_v4SPD16_eabi.lib : boot_cortex_m.c.obj (.stack)
                  00000d34    000001fc     --HOLE--

.cinit     0    00001018    00000014     
                  00001018    00000008     (.cinit..bss.load) [load image, compression = zero_init]
                  00001020    00000004     (__TI_handler_table)
                  00001024    00000008     (__TI_cinit_table)

.init_array 
*          0    00000020    00000000     UNINITIALIZED

__llvm_prf_cnts 
*          0    00000020    00000000     UNINITIALIZED

.intvecs   0    00000f30    000000e4     
                  00000f30    000000e4     startup_msp432p401r_ccs.obj (.intvecs:retain)

MODULE SUMMARY

       Module                        code   ro data   rw data
       ------                        ----   -------   -------
    .\
       system_msp432p401r.obj        120    0         0      
       main.obj                      98     0         0      
    +--+-----------------------------+------+---------+---------+
       Total:                        218    0         0      
                                                             
    .\ccs\
       startup_msp432p401r_ccs.obj   14     228       0      
    +--+-----------------------------+------+---------+---------+
       Total:                        14     228       0      
                                                             
    .\lib\driver\
       microphone.obj                130    0         6      
    +--+-----------------------------+------+---------+---------+
       Total:                        130    0         6      
                                                             
    C:/ti/simplelink_msp432p4_sdk_3_40_01_02/source/ti/devices/msp432p4xx/driverlib/ccs/msp432p4xx_driverlib.lib
       adc14.o                       996    128       0      
       pcm.o                         848    0         0      
       cs.o                          356    0         0      
       gpio.o                        136    48        0      
       interrupt.o                   160    8         0      
       flash.o                       72     0         0      
       wdt_a.o                       36     0         0      
       cpu.o                         24     0         0      
    +--+-----------------------------+------+---------+---------+
       Total:                        2628   184       0      
                                                             
    C:\ti\ccs1040\ccs\tools\compiler\ti-cgt-arm_20.2.5.LTS\lib\rtsv7M4_T_le_v4SPD16_eabi.lib
       autoinit.c.obj                68     0         0      
       boot_cortex_m.c.obj           52     0         0      
       copy_zero_init.c.obj          28     0         0      
       exit.c.obj                    4      0         0      
       pre_init.c.obj                4      0         0      
    +--+-----------------------------+------+---------+---------+
       Total:                        156    0         0      
                                                             
       Stack:                        0      0         512    
       Linker Generated:             0      20        0      
    +--+-----------------------------+------+---------+---------+
       Grand Total:                  3146   432       518    


LINKER GENERATED COPY TABLES

__TI_cinit_table @ 00001024 records: 1, size/record: 8, table size: 8
	.bss: load addr=00001018, load size=00000008 bytes, run addr=00000d24, run size=00000006 bytes, compression=zero_init


LINKER GENERATED HANDLER TABLE

__TI_handler_table @ 00001020 records: 1, size/record: 4, table size: 4
	index: 0, handler: __TI_zero_init


GLOBAL SYMBOLS: SORTED ALPHABETICALLY BY Name 

address   name                                      
-------   ----                                      
000009d9  ADC14_IRQHandler                          
000009d9  ADC14_IRQHandler                          
00000ab9  ADC14_clearInterruptFlag                  
00000515  ADC14_configureConversionMemory           
0000085d  ADC14_configureSingleSampleMode           
00000b91  ADC14_disableModule                       
00000ae9  ADC14_enableInterrupt                     
00000c2d  ADC14_enableModule                        
00000a19  ADC14_getEnabledInterruptStatus           
00000b19  ADC14_getInterruptStatus                  
00000b45  ADC14_getResult                           
000008b5  ADC14_initModule                          
0000085b  AES256_IRQHandler                         
0000085b  BusFault_Handler                          
00000c69  C$$EXIT                                   
0000085b  COMP_E0_IRQHandler                        
0000085b  COMP_E1_IRQHandler                        
00000c39  CPU_cpsid                                 
00000c45  CPU_cpsie                                 
0000085b  CS_IRQHandler                             
000002dd  CS_initClockSignal                        
00000a51  CS_setDCOCenteredFrequency                
0000085b  DMA_ERR_IRQHandler                        
0000085b  DMA_INT0_IRQHandler                       
0000085b  DMA_INT1_IRQHandler                       
0000085b  DMA_INT2_IRQHandler                       
0000085b  DMA_INT3_IRQHandler                       
0000085b  DebugMon_Handler                          
0000085b  Default_Handler                           
0000085b  EUSCIA0_IRQHandler                        
0000085b  EUSCIA1_IRQHandler                        
0000085b  EUSCIA2_IRQHandler                        
0000085b  EUSCIA3_IRQHandler                        
0000085b  EUSCIB0_IRQHandler                        
0000085b  EUSCIB1_IRQHandler                        
0000085b  EUSCIB2_IRQHandler                        
0000085b  EUSCIB3_IRQHandler                        
0000085b  FLCTL_IRQHandler                          
0000085b  FPU_IRQHandler                            
00000909  FlashCtl_setWaitState                     
000005c9  GPIO_setAsPeripheralModuleFunctionInputPin
0000085b  HardFault_Handler                         
00000bed  Interrupt_disableMaster                   
00000651  Interrupt_enableInterrupt                 
00000bfd  Interrupt_enableMaster                    
0000085b  MemManage_Handler                         
0000085b  NMI_Handler                               
0000085b  PCM_IRQHandler                            
00000749  PCM_getCoreVoltageLevel                   
000007a7  PCM_getPowerMode                          
00000bc9  PCM_getPowerState                         
00000c0d  PCM_setCoreVoltageLevel                   
00000c1d  PCM_setPowerMode                          
0000085b  PORT1_IRQHandler                          
0000085b  PORT2_IRQHandler                          
0000085b  PORT3_IRQHandler                          
0000085b  PORT4_IRQHandler                          
0000085b  PORT5_IRQHandler                          
0000085b  PORT6_IRQHandler                          
0000085b  PSS_IRQHandler                            
0000085b  PendSV_Handler                            
0000085b  RTC_C_IRQHandler                          
00000c51  Reset_Handler                             
0000085b  SVC_Handler                               
0000085b  SysTick_Handler                           
000006d1  SystemInit                                
0000085b  T32_INT1_IRQHandler                       
0000085b  T32_INT2_IRQHandler                       
0000085b  T32_INTC_IRQHandler                       
0000085b  TA0_0_IRQHandler                          
0000085b  TA0_N_IRQHandler                          
0000085b  TA1_0_IRQHandler                          
0000085b  TA1_N_IRQHandler                          
0000085b  TA2_0_IRQHandler                          
0000085b  TA2_N_IRQHandler                          
0000085b  TA3_0_IRQHandler                          
0000085b  TA3_N_IRQHandler                          
0000085b  UsageFault_Handler                        
0000085b  WDT_A_IRQHandler                          
00000b6d  WDT_A_holdTimer                           
00000f30  __STACK_END                               
00000200  __STACK_SIZE                              
00001024  __TI_CINIT_Base                           
0000102c  __TI_CINIT_Limit                          
00001020  __TI_Handler_Table_Base                   
00001024  __TI_Handler_Table_Limit                  
00000951  __TI_auto_init_nobinit_nopinit            
ffffffff  __TI_pprof_out_hndl                       
ffffffff  __TI_prof_data_size                       
ffffffff  __TI_prof_data_start                      
00001018  __TI_static_base__                        
00000bad  __TI_zero_init_nomemset                   
ffffffff  __binit__                                 
ffffffff  __c_args__                                
UNDEFED   __mpu_init                                
00000d30  __stack                                   
00000020  __start___llvm_prf_cnts                   
00000020  __stop___llvm_prf_cnts                    
00000a85  _c_int00_noargs                           
00000d24  _micBuffer                                
00000995  _micInit                                  
00000d28  _numSamples                               
UNDEFED   _system_post_cinit                        
00000c65  _system_pre_init                          
00000c69  abort                                     
ffffffff  binit                                     
00000801  init                                      
00000f30  interruptVectors                          
00000c5d  main                                      


GLOBAL SYMBOLS: SORTED BY Symbol Address 

address   name                                      
-------   ----                                      
00000020  __start___llvm_prf_cnts                   
00000020  __stop___llvm_prf_cnts                    
00000200  __STACK_SIZE                              
000002dd  CS_initClockSignal                        
00000515  ADC14_configureConversionMemory           
000005c9  GPIO_setAsPeripheralModuleFunctionInputPin
00000651  Interrupt_enableInterrupt                 
000006d1  SystemInit                                
00000749  PCM_getCoreVoltageLevel                   
000007a7  PCM_getPowerMode                          
00000801  init                                      
0000085b  AES256_IRQHandler                         
0000085b  BusFault_Handler                          
0000085b  COMP_E0_IRQHandler                        
0000085b  COMP_E1_IRQHandler                        
0000085b  CS_IRQHandler                             
0000085b  DMA_ERR_IRQHandler                        
0000085b  DMA_INT0_IRQHandler                       
0000085b  DMA_INT1_IRQHandler                       
0000085b  DMA_INT2_IRQHandler                       
0000085b  DMA_INT3_IRQHandler                       
0000085b  DebugMon_Handler                          
0000085b  Default_Handler                           
0000085b  EUSCIA0_IRQHandler                        
0000085b  EUSCIA1_IRQHandler                        
0000085b  EUSCIA2_IRQHandler                        
0000085b  EUSCIA3_IRQHandler                        
0000085b  EUSCIB0_IRQHandler                        
0000085b  EUSCIB1_IRQHandler                        
0000085b  EUSCIB2_IRQHandler                        
0000085b  EUSCIB3_IRQHandler                        
0000085b  FLCTL_IRQHandler                          
0000085b  FPU_IRQHandler                            
0000085b  HardFault_Handler                         
0000085b  MemManage_Handler                         
0000085b  NMI_Handler                               
0000085b  PCM_IRQHandler                            
0000085b  PORT1_IRQHandler                          
0000085b  PORT2_IRQHandler                          
0000085b  PORT3_IRQHandler                          
0000085b  PORT4_IRQHandler                          
0000085b  PORT5_IRQHandler                          
0000085b  PORT6_IRQHandler                          
0000085b  PSS_IRQHandler                            
0000085b  PendSV_Handler                            
0000085b  RTC_C_IRQHandler                          
0000085b  SVC_Handler                               
0000085b  SysTick_Handler                           
0000085b  T32_INT1_IRQHandler                       
0000085b  T32_INT2_IRQHandler                       
0000085b  T32_INTC_IRQHandler                       
0000085b  TA0_0_IRQHandler                          
0000085b  TA0_N_IRQHandler                          
0000085b  TA1_0_IRQHandler                          
0000085b  TA1_N_IRQHandler                          
0000085b  TA2_0_IRQHandler                          
0000085b  TA2_N_IRQHandler                          
0000085b  TA3_0_IRQHandler                          
0000085b  TA3_N_IRQHandler                          
0000085b  UsageFault_Handler                        
0000085b  WDT_A_IRQHandler                          
0000085d  ADC14_configureSingleSampleMode           
000008b5  ADC14_initModule                          
00000909  FlashCtl_setWaitState                     
00000951  __TI_auto_init_nobinit_nopinit            
00000995  _micInit                                  
000009d9  ADC14_IRQHandler                          
000009d9  ADC14_IRQHandler                          
00000a19  ADC14_getEnabledInterruptStatus           
00000a51  CS_setDCOCenteredFrequency                
00000a85  _c_int00_noargs                           
00000ab9  ADC14_clearInterruptFlag                  
00000ae9  ADC14_enableInterrupt                     
00000b19  ADC14_getInterruptStatus                  
00000b45  ADC14_getResult                           
00000b6d  WDT_A_holdTimer                           
00000b91  ADC14_disableModule                       
00000bad  __TI_zero_init_nomemset                   
00000bc9  PCM_getPowerState                         
00000bed  Interrupt_disableMaster                   
00000bfd  Interrupt_enableMaster                    
00000c0d  PCM_setCoreVoltageLevel                   
00000c1d  PCM_setPowerMode                          
00000c2d  ADC14_enableModule                        
00000c39  CPU_cpsid                                 
00000c45  CPU_cpsie                                 
00000c51  Reset_Handler                             
00000c5d  main                                      
00000c65  _system_pre_init                          
00000c69  C$$EXIT                                   
00000c69  abort                                     
00000d24  _micBuffer                                
00000d28  _numSamples                               
00000d30  __stack                                   
00000f30  __STACK_END                               
00000f30  interruptVectors                          
00001018  __TI_static_base__                        
00001020  __TI_Handler_Table_Base                   
00001024  __TI_CINIT_Base                           
00001024  __TI_Handler_Table_Limit                  
0000102c  __TI_CINIT_Limit                          
ffffffff  __TI_pprof_out_hndl                       
ffffffff  __TI_prof_data_size                       
ffffffff  __TI_prof_data_start                      
ffffffff  __binit__                                 
ffffffff  __c_args__                                
ffffffff  binit                                     
UNDEFED   __mpu_init                                
UNDEFED   _system_post_cinit                        

[109 symbols]
